2021-05-11T11:31:02.764+0800	INFO	worker/unsynced_service.go:69	unsync service worked count :0 

2021-05-11T11:31:07.764+0800	INFO	worker/unsynced_service.go:69	unsync service worked count :0 

2021-05-11T11:31:12.764+0800	INFO	worker/unsynced_service.go:69	unsync service worked count :0 

2021-05-11T11:31:17.763+0800	INFO	worker/unsynced_service.go:69	unsync service worked count :0 

2021-05-11T11:31:22.765+0800	INFO	worker/unsynced_service.go:69	unsync service worked count :0 

2021-05-11T11:31:27.764+0800	INFO	worker/unsynced_service.go:69	unsync service worked count :0 

2021-05-11T11:31:50.720+0800	INFO	worker/unsynced_service.go:69	unsync service worked count :0 

2021-05-11T11:31:55.720+0800	INFO	worker/unsynced_service.go:69	unsync service worked count :0 

2021-05-11T11:32:00.719+0800	INFO	worker/unsynced_service.go:69	unsync service worked count :0 

2021-05-11T11:32:05.720+0800	INFO	worker/unsynced_service.go:69	unsync service worked count :0 

2021-05-11T11:32:10.720+0800	INFO	worker/unsynced_service.go:69	unsync service worked count :0 

2021-05-11T11:32:15.720+0800	INFO	worker/unsynced_service.go:69	unsync service worked count :0 

2021-05-11T11:32:20.720+0800	INFO	worker/unsynced_service.go:69	unsync service worked count :0 

2021-05-11T11:32:25.720+0800	INFO	worker/unsynced_service.go:69	unsync service worked count :0 

2021-05-11T11:32:30.720+0800	INFO	worker/unsynced_service.go:69	unsync service worked count :0 

2021-05-11T11:32:40.344+0800	INFO	worker/unsynced_service.go:69	unsync service worked count :0 

2021-05-11T11:32:45.344+0800	INFO	worker/unsynced_service.go:69	unsync service worked count :0 

2021-05-11T11:32:50.344+0800	INFO	worker/unsynced_service.go:69	unsync service worked count :0 

2021-05-11T11:32:55.344+0800	INFO	worker/unsynced_service.go:69	unsync service worked count :0 

2021-05-11T11:33:00.346+0800	INFO	worker/unsynced_service.go:69	unsync service worked count :0 

2021-05-11T11:33:05.345+0800	INFO	worker/unsynced_service.go:69	unsync service worked count :0 

2021-05-11T11:33:10.346+0800	INFO	worker/unsynced_service.go:69	unsync service worked count :0 

2021-05-11T11:33:15.346+0800	INFO	worker/unsynced_service.go:69	unsync service worked count :0 

2021-05-11T11:33:20.345+0800	INFO	worker/unsynced_service.go:69	unsync service worked count :0 

2021-05-11T11:33:25.345+0800	INFO	worker/unsynced_service.go:69	unsync service worked count :0 

2021-05-11T11:33:30.345+0800	INFO	worker/unsynced_service.go:69	unsync service worked count :0 

2021-05-11T11:33:35.346+0800	INFO	worker/unsynced_service.go:69	unsync service worked count :0 

2021-05-11T11:33:40.345+0800	INFO	worker/unsynced_service.go:69	unsync service worked count :0 

2021-05-11T11:33:45.346+0800	INFO	worker/unsynced_service.go:69	unsync service worked count :0 

2021-05-11T11:33:50.345+0800	INFO	worker/unsynced_service.go:69	unsync service worked count :0 

2021-05-11T11:33:55.346+0800	INFO	worker/unsynced_service.go:69	unsync service worked count :0 

2021-05-11T11:34:00.346+0800	INFO	worker/unsynced_service.go:69	unsync service worked count :0 

2021-05-11T11:34:05.346+0800	INFO	worker/unsynced_service.go:69	unsync service worked count :0 

2021-05-11T11:34:10.345+0800	INFO	worker/unsynced_service.go:69	unsync service worked count :0 

2021-05-11T11:34:15.345+0800	INFO	worker/unsynced_service.go:69	unsync service worked count :0 

2021-05-11T11:34:20.346+0800	INFO	worker/unsynced_service.go:69	unsync service worked count :0 

2021-05-11T11:34:25.346+0800	INFO	worker/unsynced_service.go:69	unsync service worked count :0 

2021-05-11T11:34:30.346+0800	INFO	worker/unsynced_service.go:69	unsync service worked count :0 

2021-05-11T11:34:35.347+0800	INFO	worker/unsynced_service.go:69	unsync service worked count :0 

2021-05-11T11:34:40.345+0800	INFO	worker/unsynced_service.go:69	unsync service worked count :0 

2021-05-11T11:34:45.346+0800	INFO	worker/unsynced_service.go:69	unsync service worked count :0 

2021-05-11T11:34:50.346+0800	INFO	worker/unsynced_service.go:69	unsync service worked count :0 

2021-05-11T11:34:55.346+0800	INFO	worker/unsynced_service.go:69	unsync service worked count :0 

2021-05-11T11:35:00.346+0800	INFO	worker/unsynced_service.go:69	unsync service worked count :0 

2021-05-11T11:35:05.346+0800	INFO	worker/unsynced_service.go:69	unsync service worked count :0 

2021-05-11T11:35:10.346+0800	INFO	worker/unsynced_service.go:69	unsync service worked count :0 

2021-05-11T11:35:15.346+0800	INFO	worker/unsynced_service.go:69	unsync service worked count :0 

2021-05-11T11:35:20.347+0800	INFO	worker/unsynced_service.go:69	unsync service worked count :0 

2021-05-11T11:35:25.347+0800	INFO	worker/unsynced_service.go:69	unsync service worked count :0 

2021-05-11T11:35:30.347+0800	INFO	worker/unsynced_service.go:69	unsync service worked count :0 

2021-05-11T11:35:35.347+0800	INFO	worker/unsynced_service.go:69	unsync service worked count :0 

2021-05-11T11:35:40.349+0800	INFO	worker/unsynced_service.go:69	unsync service worked count :0 

2021-05-11T11:35:45.346+0800	INFO	worker/unsynced_service.go:69	unsync service worked count :0 

2021-05-11T11:35:50.347+0800	INFO	worker/unsynced_service.go:69	unsync service worked count :0 

2021-05-11T11:35:55.347+0800	INFO	worker/unsynced_service.go:69	unsync service worked count :0 

2021-05-11T11:36:00.347+0800	INFO	worker/unsynced_service.go:69	unsync service worked count :0 

2021-05-11T11:36:05.349+0800	INFO	worker/unsynced_service.go:69	unsync service worked count :0 

2021-05-11T11:36:10.347+0800	INFO	worker/unsynced_service.go:69	unsync service worked count :0 

2021-05-11T11:36:15.347+0800	INFO	worker/unsynced_service.go:69	unsync service worked count :0 

2021-05-11T11:36:20.346+0800	INFO	worker/unsynced_service.go:69	unsync service worked count :0 

2021-05-11T11:36:25.348+0800	INFO	worker/unsynced_service.go:69	unsync service worked count :0 

2021-05-11T11:36:30.348+0800	INFO	worker/unsynced_service.go:69	unsync service worked count :0 

2021-05-11T11:36:35.347+0800	INFO	worker/unsynced_service.go:69	unsync service worked count :0 

2021-05-11T11:36:40.348+0800	INFO	worker/unsynced_service.go:69	unsync service worked count :0 

2021-05-11T11:36:45.347+0800	INFO	worker/unsynced_service.go:69	unsync service worked count :0 

2021-05-11T11:36:50.347+0800	INFO	worker/unsynced_service.go:69	unsync service worked count :0 

2021-05-11T11:36:55.347+0800	INFO	worker/unsynced_service.go:69	unsync service worked count :0 

2021-05-11T11:37:00.347+0800	INFO	worker/unsynced_service.go:69	unsync service worked count :0 

2021-05-11T11:37:05.347+0800	INFO	worker/unsynced_service.go:69	unsync service worked count :0 

2021-05-11T11:37:10.347+0800	INFO	worker/unsynced_service.go:69	unsync service worked count :0 

2021-05-11T11:37:15.348+0800	INFO	worker/unsynced_service.go:69	unsync service worked count :0 

2021-05-11T11:37:20.347+0800	INFO	worker/unsynced_service.go:69	unsync service worked count :0 

2021-05-11T11:37:25.347+0800	INFO	worker/unsynced_service.go:69	unsync service worked count :0 

2021-05-11T11:37:30.348+0800	INFO	worker/unsynced_service.go:69	unsync service worked count :0 

2021-05-11T11:37:35.347+0800	INFO	worker/unsynced_service.go:69	unsync service worked count :0 

2021-05-11T11:37:40.349+0800	INFO	worker/unsynced_service.go:69	unsync service worked count :0 

2021-05-11T11:37:45.348+0800	INFO	worker/unsynced_service.go:69	unsync service worked count :0 

2021-05-11T11:37:50.348+0800	INFO	worker/unsynced_service.go:69	unsync service worked count :0 

2021-05-11T11:37:55.348+0800	INFO	worker/unsynced_service.go:69	unsync service worked count :0 

2021-05-11T11:38:00.348+0800	INFO	worker/unsynced_service.go:69	unsync service worked count :0 

2021-05-11T11:38:05.348+0800	INFO	worker/unsynced_service.go:69	unsync service worked count :0 

2021-05-11T11:38:10.348+0800	INFO	worker/unsynced_service.go:69	unsync service worked count :0 

2021-05-11T11:38:15.348+0800	INFO	worker/unsynced_service.go:69	unsync service worked count :0 

2021-05-11T11:38:20.348+0800	INFO	worker/unsynced_service.go:69	unsync service worked count :0 

2021-05-11T11:38:25.348+0800	INFO	worker/unsynced_service.go:69	unsync service worked count :0 

2021-05-11T11:38:30.348+0800	INFO	worker/unsynced_service.go:69	unsync service worked count :0 

2021-05-11T11:38:35.348+0800	INFO	worker/unsynced_service.go:69	unsync service worked count :0 

2021-05-11T11:38:40.348+0800	INFO	worker/unsynced_service.go:69	unsync service worked count :0 

2021-05-11T11:38:45.348+0800	INFO	worker/unsynced_service.go:69	unsync service worked count :0 

2021-05-11T11:38:50.348+0800	INFO	worker/unsynced_service.go:69	unsync service worked count :0 

2021-05-11T11:38:55.348+0800	INFO	worker/unsynced_service.go:69	unsync service worked count :0 

2021-05-11T11:39:00.349+0800	INFO	worker/unsynced_service.go:69	unsync service worked count :0 

2021-05-11T11:39:05.349+0800	INFO	worker/unsynced_service.go:69	unsync service worked count :0 

2021-05-11T11:39:10.348+0800	INFO	worker/unsynced_service.go:69	unsync service worked count :0 

2021-05-11T11:39:15.349+0800	INFO	worker/unsynced_service.go:69	unsync service worked count :0 

2021-05-11T11:39:20.348+0800	INFO	worker/unsynced_service.go:69	unsync service worked count :0 

2021-05-11T11:39:25.349+0800	INFO	worker/unsynced_service.go:69	unsync service worked count :0 

2021-05-11T11:39:30.349+0800	INFO	worker/unsynced_service.go:69	unsync service worked count :0 

2021-05-11T11:39:35.349+0800	INFO	worker/unsynced_service.go:69	unsync service worked count :0 

2021-05-11T11:39:40.350+0800	INFO	worker/unsynced_service.go:69	unsync service worked count :0 

2021-05-11T11:39:45.349+0800	INFO	worker/unsynced_service.go:69	unsync service worked count :0 

2021-05-11T11:39:50.350+0800	INFO	worker/unsynced_service.go:69	unsync service worked count :0 

2021-05-11T11:39:55.349+0800	INFO	worker/unsynced_service.go:69	unsync service worked count :0 

2021-05-11T11:40:00.349+0800	INFO	worker/unsynced_service.go:69	unsync service worked count :0 

2021-05-11T11:40:05.349+0800	INFO	worker/unsynced_service.go:69	unsync service worked count :0 

2021-05-11T11:40:10.349+0800	INFO	worker/unsynced_service.go:69	unsync service worked count :0 

2021-05-11T11:40:15.349+0800	INFO	worker/unsynced_service.go:69	unsync service worked count :0 

2021-05-11T11:40:20.350+0800	INFO	worker/unsynced_service.go:69	unsync service worked count :0 

2021-05-11T11:40:25.349+0800	INFO	worker/unsynced_service.go:69	unsync service worked count :0 

2021-05-11T11:40:30.349+0800	INFO	worker/unsynced_service.go:69	unsync service worked count :0 

2021-05-11T11:40:35.349+0800	INFO	worker/unsynced_service.go:69	unsync service worked count :0 

2021-05-11T11:40:40.350+0800	INFO	worker/unsynced_service.go:69	unsync service worked count :0 

2021-05-11T11:40:49.175+0800	INFO	worker/unsynced_service.go:69	unsync service worked count :0 

2021-05-11T11:40:50.077+0800	INFO	consul/monitor.go:124	Consul service changed
2021-05-11T11:40:50.132+0800	ERROR	consul/consul.go:125	convert instance: convert port with none params
2021-05-11T11:40:50.132+0800	ERROR	consul/consul.go:125	convert instance: convert port with none params
2021-05-11T11:40:50.132+0800	ERROR	consul/consul.go:125	convert instance: convert port with none params
2021-05-11T11:40:50.132+0800	ERROR	consul/consul.go:125	convert instance: convert port with none params
2021-05-11T11:40:54.176+0800	INFO	worker/unsynced_service.go:69	unsync service worked count :0 

2021-05-11T11:40:59.175+0800	INFO	worker/unsynced_service.go:69	unsync service worked count :0 

2021-05-11T11:41:04.176+0800	INFO	worker/unsynced_service.go:69	unsync service worked count :0 

2021-05-11T11:41:09.175+0800	INFO	worker/unsynced_service.go:69	unsync service worked count :0 

2021-05-11T11:41:14.175+0800	INFO	worker/unsynced_service.go:69	unsync service worked count :0 

2021-05-11T11:41:19.176+0800	INFO	worker/unsynced_service.go:69	unsync service worked count :0 

2021-05-11T11:41:24.175+0800	INFO	worker/unsynced_service.go:69	unsync service worked count :0 

2021-05-11T11:41:29.176+0800	INFO	worker/unsynced_service.go:69	unsync service worked count :0 

2021-05-11T11:41:34.175+0800	INFO	worker/unsynced_service.go:69	unsync service worked count :0 

2021-05-11T11:41:42.091+0800	INFO	worker/unsynced_service.go:69	unsync service worked count :0 

2021-05-11T11:41:43.090+0800	INFO	consul/monitor.go:124	Consul service changed
2021-05-11T11:41:43.149+0800	ERROR	consul/consul.go:126	convert instance: convert port with none params
2021-05-11T11:41:43.149+0800	ERROR	consul/consul.go:126	convert instance: convert port with none params
2021-05-11T11:41:43.149+0800	ERROR	consul/consul.go:126	convert instance: convert port with none params
2021-05-11T11:41:43.149+0800	ERROR	consul/consul.go:126	convert instance: convert port with none params
2021-05-11T11:41:47.089+0800	INFO	worker/unsynced_service.go:69	unsync service worked count :0 

2021-05-11T11:41:52.090+0800	INFO	worker/unsynced_service.go:69	unsync service worked count :0 

2021-05-11T11:41:57.089+0800	INFO	worker/unsynced_service.go:69	unsync service worked count :0 

2021-05-11T11:42:02.090+0800	INFO	worker/unsynced_service.go:69	unsync service worked count :0 

2021-05-11T11:42:07.089+0800	INFO	worker/unsynced_service.go:69	unsync service worked count :0 

2021-05-11T11:42:12.089+0800	INFO	worker/unsynced_service.go:69	unsync service worked count :0 

2021-05-11T11:42:17.090+0800	INFO	worker/unsynced_service.go:69	unsync service worked count :0 

2021-05-11T11:42:22.089+0800	INFO	worker/unsynced_service.go:69	unsync service worked count :0 

2021-05-11T11:42:27.089+0800	INFO	worker/unsynced_service.go:69	unsync service worked count :0 

2021-05-11T11:42:28.090+0800	INFO	consul/monitor.go:124	Consul service changed
2021-05-11T11:42:32.090+0800	INFO	worker/unsynced_service.go:69	unsync service worked count :0 

2021-05-11T11:42:37.090+0800	INFO	worker/unsynced_service.go:69	unsync service worked count :0 

2021-05-11T11:42:42.090+0800	INFO	worker/unsynced_service.go:69	unsync service worked count :0 

2021-05-11T11:42:47.089+0800	INFO	worker/unsynced_service.go:69	unsync service worked count :0 

2021-05-11T11:42:52.090+0800	INFO	worker/unsynced_service.go:69	unsync service worked count :0 

2021-05-11T11:42:57.089+0800	INFO	worker/unsynced_service.go:69	unsync service worked count :0 

2021-05-11T11:43:02.095+0800	INFO	worker/unsynced_service.go:69	unsync service worked count :0 

2021-05-11T11:43:07.090+0800	INFO	worker/unsynced_service.go:69	unsync service worked count :0 

2021-05-11T11:43:12.091+0800	INFO	worker/unsynced_service.go:69	unsync service worked count :0 

2021-05-11T11:43:17.090+0800	INFO	worker/unsynced_service.go:69	unsync service worked count :0 

2021-05-11T11:43:22.090+0800	INFO	worker/unsynced_service.go:69	unsync service worked count :0 

2021-05-11T11:43:27.090+0800	INFO	worker/unsynced_service.go:69	unsync service worked count :0 

2021-05-11T11:43:32.090+0800	INFO	worker/unsynced_service.go:69	unsync service worked count :0 

2021-05-11T11:43:37.090+0800	INFO	worker/unsynced_service.go:69	unsync service worked count :0 

2021-05-11T11:43:42.090+0800	INFO	worker/unsynced_service.go:69	unsync service worked count :0 

2021-05-11T11:43:47.090+0800	INFO	worker/unsynced_service.go:69	unsync service worked count :0 

2021-05-11T11:43:52.090+0800	INFO	worker/unsynced_service.go:69	unsync service worked count :0 

2021-05-11T11:44:00.920+0800	INFO	worker/unsynced_service.go:69	unsync service worked count :0 

2021-05-11T11:44:01.022+0800	INFO	consul/monitor.go:124	Consul service changed
2021-05-11T11:44:01.107+0800	ERROR	consul/consul.go:122	convert instance: convert port with none params
2021-05-11T11:44:01.107+0800	ERROR	consul/consul.go:122	convert instance: convert port with none params
2021-05-11T11:44:01.107+0800	ERROR	consul/consul.go:122	convert instance: convert port with none params
2021-05-11T11:44:01.107+0800	ERROR	consul/consul.go:122	convert instance: convert port with none params
2021-05-11T11:44:01.107+0800	ERROR	consul/consul.go:122	convert instance: convert port with none params
2021-05-11T11:44:05.920+0800	INFO	worker/unsynced_service.go:69	unsync service worked count :0 

2021-05-11T11:44:10.920+0800	INFO	worker/unsynced_service.go:69	unsync service worked count :0 

2021-05-11T11:44:15.920+0800	INFO	worker/unsynced_service.go:69	unsync service worked count :0 

2021-05-11T11:44:20.920+0800	INFO	worker/unsynced_service.go:69	unsync service worked count :0 

2021-05-11T11:44:25.920+0800	INFO	worker/unsynced_service.go:69	unsync service worked count :0 

2021-05-11T11:44:30.920+0800	INFO	worker/unsynced_service.go:69	unsync service worked count :0 

2021-05-11T11:44:35.920+0800	INFO	worker/unsynced_service.go:69	unsync service worked count :0 

2021-05-11T11:44:40.920+0800	INFO	worker/unsynced_service.go:69	unsync service worked count :0 

2021-05-11T11:44:45.920+0800	INFO	worker/unsynced_service.go:69	unsync service worked count :0 

2021-05-11T11:44:50.920+0800	INFO	worker/unsynced_service.go:69	unsync service worked count :0 

2021-05-11T11:44:55.920+0800	INFO	worker/unsynced_service.go:69	unsync service worked count :0 

2021-05-11T11:45:00.920+0800	INFO	worker/unsynced_service.go:69	unsync service worked count :0 

2021-05-11T11:45:05.920+0800	INFO	worker/unsynced_service.go:69	unsync service worked count :0 

2021-05-11T11:45:10.921+0800	INFO	worker/unsynced_service.go:69	unsync service worked count :0 

2021-05-11T11:45:15.920+0800	INFO	worker/unsynced_service.go:69	unsync service worked count :0 

2021-05-11T11:45:20.920+0800	INFO	worker/unsynced_service.go:69	unsync service worked count :0 

2021-05-11T11:45:25.921+0800	INFO	worker/unsynced_service.go:69	unsync service worked count :0 

2021-05-11T11:45:30.920+0800	INFO	worker/unsynced_service.go:69	unsync service worked count :0 

2021-05-11T11:45:35.922+0800	INFO	worker/unsynced_service.go:69	unsync service worked count :0 

2021-05-11T11:45:40.921+0800	INFO	worker/unsynced_service.go:69	unsync service worked count :0 

2021-05-11T11:45:45.921+0800	INFO	worker/unsynced_service.go:69	unsync service worked count :0 

2021-05-11T11:45:50.921+0800	INFO	worker/unsynced_service.go:69	unsync service worked count :0 

2021-05-11T11:45:55.921+0800	INFO	worker/unsynced_service.go:69	unsync service worked count :0 

2021-05-11T11:46:00.921+0800	INFO	worker/unsynced_service.go:69	unsync service worked count :0 

2021-05-11T11:46:05.921+0800	INFO	worker/unsynced_service.go:69	unsync service worked count :0 

2021-05-11T11:46:10.921+0800	INFO	worker/unsynced_service.go:69	unsync service worked count :0 

2021-05-11T11:46:15.921+0800	INFO	worker/unsynced_service.go:69	unsync service worked count :0 

2021-05-11T11:46:20.922+0800	INFO	worker/unsynced_service.go:69	unsync service worked count :0 

2021-05-11T11:46:25.921+0800	INFO	worker/unsynced_service.go:69	unsync service worked count :0 

2021-05-11T11:46:30.921+0800	INFO	worker/unsynced_service.go:69	unsync service worked count :0 

2021-05-11T11:46:35.922+0800	INFO	worker/unsynced_service.go:69	unsync service worked count :0 

2021-05-11T11:46:40.921+0800	INFO	worker/unsynced_service.go:69	unsync service worked count :0 

2021-05-11T11:46:45.922+0800	INFO	worker/unsynced_service.go:69	unsync service worked count :0 

2021-05-11T11:46:50.921+0800	INFO	worker/unsynced_service.go:69	unsync service worked count :0 

2021-05-11T11:46:55.921+0800	INFO	worker/unsynced_service.go:69	unsync service worked count :0 

2021-05-11T11:47:00.922+0800	INFO	worker/unsynced_service.go:69	unsync service worked count :0 

2021-05-11T11:47:05.922+0800	INFO	worker/unsynced_service.go:69	unsync service worked count :0 

2021-05-11T11:47:10.921+0800	INFO	worker/unsynced_service.go:69	unsync service worked count :0 

2021-05-11T11:47:15.922+0800	INFO	worker/unsynced_service.go:69	unsync service worked count :0 

2021-05-11T11:47:20.922+0800	INFO	worker/unsynced_service.go:69	unsync service worked count :0 

2021-05-11T11:47:25.922+0800	INFO	worker/unsynced_service.go:69	unsync service worked count :0 

2021-05-11T11:47:30.922+0800	INFO	worker/unsynced_service.go:69	unsync service worked count :0 

2021-05-11T11:47:35.922+0800	INFO	worker/unsynced_service.go:69	unsync service worked count :0 

2021-05-11T11:47:40.922+0800	INFO	worker/unsynced_service.go:69	unsync service worked count :0 

2021-05-11T11:47:41.024+0800	INFO	consul/monitor.go:124	Consul service changed
2021-05-11T11:47:41.102+0800	ERROR	consul/consul.go:122	convert instance: convert port with none params
2021-05-11T11:47:41.102+0800	ERROR	consul/consul.go:122	convert instance: convert port with none params
2021-05-11T11:47:41.102+0800	ERROR	consul/consul.go:122	convert instance: convert port with none params
2021-05-11T11:47:41.102+0800	ERROR	consul/consul.go:122	convert instance: convert port with none params
2021-05-11T11:47:45.923+0800	INFO	worker/unsynced_service.go:69	unsync service worked count :0 

2021-05-11T11:47:50.922+0800	INFO	worker/unsynced_service.go:69	unsync service worked count :0 

2021-05-11T11:47:55.922+0800	INFO	worker/unsynced_service.go:69	unsync service worked count :0 

2021-05-11T11:48:00.026+0800	INFO	consul/monitor.go:124	Consul service changed
2021-05-11T11:48:00.236+0800	ERROR	consul/consul.go:122	convert instance: convert port with none params
2021-05-11T11:48:00.236+0800	ERROR	consul/consul.go:122	convert instance: convert port with none params
2021-05-11T11:48:00.237+0800	ERROR	consul/consul.go:122	convert instance: convert port with none params
2021-05-11T11:48:00.237+0800	ERROR	consul/consul.go:122	convert instance: convert port with none params
2021-05-11T11:48:00.922+0800	INFO	worker/unsynced_service.go:69	unsync service worked count :0 

2021-05-11T11:48:05.922+0800	INFO	worker/unsynced_service.go:69	unsync service worked count :0 

2021-05-11T11:48:08.024+0800	INFO	consul/monitor.go:124	Consul service changed
2021-05-11T11:48:08.231+0800	ERROR	consul/consul.go:122	convert instance: convert port with none params
2021-05-11T11:48:08.231+0800	ERROR	consul/consul.go:122	convert instance: convert port with none params
2021-05-11T11:48:08.231+0800	ERROR	consul/consul.go:122	convert instance: convert port with none params
2021-05-11T11:48:08.231+0800	ERROR	consul/consul.go:122	convert instance: convert port with none params
2021-05-11T11:48:10.922+0800	INFO	worker/unsynced_service.go:69	unsync service worked count :0 

2021-05-11T11:48:15.922+0800	INFO	worker/unsynced_service.go:69	unsync service worked count :0 

2021-05-11T11:48:18.026+0800	INFO	consul/monitor.go:124	Consul service changed
2021-05-11T11:48:18.244+0800	ERROR	consul/consul.go:122	convert instance: convert port with none params
2021-05-11T11:48:18.244+0800	ERROR	consul/consul.go:122	convert instance: convert port with none params
2021-05-11T11:48:18.244+0800	ERROR	consul/consul.go:122	convert instance: convert port with none params
2021-05-11T11:48:18.244+0800	ERROR	consul/consul.go:122	convert instance: convert port with none params
2021-05-11T11:48:20.925+0800	INFO	worker/unsynced_service.go:69	unsync service worked count :0 

2021-05-11T11:48:25.026+0800	INFO	consul/monitor.go:124	Consul service changed
2021-05-11T11:48:25.125+0800	ERROR	consul/consul.go:122	convert instance: convert port with none params
2021-05-11T11:48:25.125+0800	ERROR	consul/consul.go:122	convert instance: convert port with none params
2021-05-11T11:48:25.125+0800	ERROR	consul/consul.go:122	convert instance: convert port with none params
2021-05-11T11:48:25.922+0800	INFO	worker/unsynced_service.go:69	unsync service worked count :0 

2021-05-11T11:48:30.926+0800	INFO	worker/unsynced_service.go:69	unsync service worked count :0 

2021-05-11T11:48:35.922+0800	INFO	worker/unsynced_service.go:69	unsync service worked count :0 

2021-05-11T11:48:38.023+0800	INFO	consul/monitor.go:124	Consul service changed
2021-05-11T11:48:38.071+0800	ERROR	consul/consul.go:122	convert instance: convert port with none params
2021-05-11T11:48:40.922+0800	INFO	worker/unsynced_service.go:69	unsync service worked count :0 

2021-05-11T11:48:45.922+0800	INFO	worker/unsynced_service.go:69	unsync service worked count :0 

2021-05-11T11:48:46.026+0800	INFO	consul/monitor.go:124	Consul service changed
2021-05-11T11:48:50.922+0800	INFO	worker/unsynced_service.go:69	unsync service worked count :0 

2021-05-11T11:48:55.923+0800	INFO	worker/unsynced_service.go:69	unsync service worked count :0 

2021-05-11T11:49:00.923+0800	INFO	worker/unsynced_service.go:69	unsync service worked count :0 

2021-05-11T11:49:05.923+0800	INFO	worker/unsynced_service.go:69	unsync service worked count :0 

2021-05-11T11:49:10.923+0800	INFO	worker/unsynced_service.go:69	unsync service worked count :0 

2021-05-11T11:49:15.923+0800	INFO	worker/unsynced_service.go:69	unsync service worked count :0 

2021-05-11T11:49:20.923+0800	INFO	worker/unsynced_service.go:69	unsync service worked count :0 

2021-05-11T11:49:25.924+0800	INFO	worker/unsynced_service.go:69	unsync service worked count :0 

2021-05-11T11:49:30.923+0800	INFO	worker/unsynced_service.go:69	unsync service worked count :0 

2021-05-11T11:49:35.923+0800	INFO	worker/unsynced_service.go:69	unsync service worked count :0 

2021-05-11T11:49:40.923+0800	INFO	worker/unsynced_service.go:69	unsync service worked count :0 

2021-05-11T11:49:45.923+0800	INFO	worker/unsynced_service.go:69	unsync service worked count :0 

2021-05-11T11:49:50.923+0800	INFO	worker/unsynced_service.go:69	unsync service worked count :0 

2021-05-11T11:49:55.923+0800	INFO	worker/unsynced_service.go:69	unsync service worked count :0 

2021-05-11T11:50:00.923+0800	INFO	worker/unsynced_service.go:69	unsync service worked count :0 

2021-05-11T11:50:05.924+0800	INFO	worker/unsynced_service.go:69	unsync service worked count :0 

2021-05-11T11:50:10.923+0800	INFO	worker/unsynced_service.go:69	unsync service worked count :0 

2021-05-11T11:50:15.924+0800	INFO	worker/unsynced_service.go:69	unsync service worked count :0 

2021-05-11T11:50:20.924+0800	INFO	worker/unsynced_service.go:69	unsync service worked count :0 

2021-05-11T11:50:25.926+0800	INFO	worker/unsynced_service.go:69	unsync service worked count :0 

2021-05-11T11:50:30.923+0800	INFO	worker/unsynced_service.go:69	unsync service worked count :0 

2021-05-11T11:50:35.924+0800	INFO	worker/unsynced_service.go:69	unsync service worked count :0 

2021-05-11T11:50:40.924+0800	INFO	worker/unsynced_service.go:69	unsync service worked count :0 

2021-05-11T11:50:45.924+0800	INFO	worker/unsynced_service.go:69	unsync service worked count :0 

2021-05-11T11:50:50.925+0800	INFO	worker/unsynced_service.go:69	unsync service worked count :0 

2021-05-11T11:50:55.924+0800	INFO	worker/unsynced_service.go:69	unsync service worked count :0 

2021-05-11T11:51:00.924+0800	INFO	worker/unsynced_service.go:69	unsync service worked count :0 

2021-05-11T11:51:05.924+0800	INFO	worker/unsynced_service.go:69	unsync service worked count :0 

2021-05-11T11:51:10.924+0800	INFO	worker/unsynced_service.go:69	unsync service worked count :0 

2021-05-11T11:51:15.924+0800	INFO	worker/unsynced_service.go:69	unsync service worked count :0 

2021-05-11T11:51:20.925+0800	INFO	worker/unsynced_service.go:69	unsync service worked count :0 

2021-05-11T11:51:25.924+0800	INFO	worker/unsynced_service.go:69	unsync service worked count :0 

2021-05-11T11:51:30.924+0800	INFO	worker/unsynced_service.go:69	unsync service worked count :0 

2021-05-11T11:51:35.924+0800	INFO	worker/unsynced_service.go:69	unsync service worked count :0 

2021-05-11T11:51:40.925+0800	INFO	worker/unsynced_service.go:69	unsync service worked count :0 

2021-05-11T11:51:45.924+0800	INFO	worker/unsynced_service.go:69	unsync service worked count :0 

2021-05-11T11:51:50.925+0800	INFO	worker/unsynced_service.go:69	unsync service worked count :0 

2021-05-11T11:51:55.925+0800	INFO	worker/unsynced_service.go:69	unsync service worked count :0 

2021-05-11T11:52:00.925+0800	INFO	worker/unsynced_service.go:69	unsync service worked count :0 

2021-05-11T11:52:05.924+0800	INFO	worker/unsynced_service.go:69	unsync service worked count :0 

2021-05-11T11:52:10.925+0800	INFO	worker/unsynced_service.go:69	unsync service worked count :0 

2021-05-11T11:52:15.925+0800	INFO	worker/unsynced_service.go:69	unsync service worked count :0 

2021-05-11T11:52:20.925+0800	INFO	worker/unsynced_service.go:69	unsync service worked count :0 

2021-05-11T11:52:25.925+0800	INFO	worker/unsynced_service.go:69	unsync service worked count :0 

2021-05-11T11:52:30.925+0800	INFO	worker/unsynced_service.go:69	unsync service worked count :0 

2021-05-11T11:52:35.926+0800	INFO	worker/unsynced_service.go:69	unsync service worked count :0 

2021-05-11T11:52:40.925+0800	INFO	worker/unsynced_service.go:69	unsync service worked count :0 

2021-05-11T11:52:45.925+0800	INFO	worker/unsynced_service.go:69	unsync service worked count :0 

2021-05-11T11:52:50.925+0800	INFO	worker/unsynced_service.go:69	unsync service worked count :0 

2021-05-11T11:52:55.925+0800	INFO	worker/unsynced_service.go:69	unsync service worked count :0 

2021-05-11T11:53:00.925+0800	INFO	worker/unsynced_service.go:69	unsync service worked count :0 

2021-05-11T11:53:05.925+0800	INFO	worker/unsynced_service.go:69	unsync service worked count :0 

2021-05-11T11:53:10.925+0800	INFO	worker/unsynced_service.go:69	unsync service worked count :0 

2021-05-11T11:53:15.925+0800	INFO	worker/unsynced_service.go:69	unsync service worked count :0 

2021-05-11T11:53:20.925+0800	INFO	worker/unsynced_service.go:69	unsync service worked count :0 

2021-05-11T11:53:25.925+0800	INFO	worker/unsynced_service.go:69	unsync service worked count :0 

2021-05-11T11:53:37.879+0800	INFO	worker/unsynced_service.go:69	unsync service worked count :0 

2021-05-11T11:53:38.082+0800	INFO	consul/monitor.go:124	Consul service changed
2021-05-11T11:53:42.879+0800	INFO	worker/unsynced_service.go:69	unsync service worked count :0 

2021-05-11T11:53:47.879+0800	INFO	worker/unsynced_service.go:69	unsync service worked count :0 

2021-05-11T11:53:52.879+0800	INFO	worker/unsynced_service.go:69	unsync service worked count :0 

2021-05-11T11:53:55.081+0800	INFO	consul/monitor.go:124	Consul service changed
2021-05-11T11:53:55.119+0800	ERROR	consul/consul.go:122	convert instance: unmarshal json: json: Unmarshal(non-pointer []*v2.PortInfo)
2021-05-11T11:53:57.879+0800	INFO	worker/unsynced_service.go:69	unsync service worked count :0 

2021-05-11T11:54:02.880+0800	INFO	worker/unsynced_service.go:69	unsync service worked count :0 

2021-05-11T11:54:07.880+0800	INFO	worker/unsynced_service.go:69	unsync service worked count :0 

2021-05-11T11:54:12.880+0800	INFO	worker/unsynced_service.go:69	unsync service worked count :0 

2021-05-11T11:54:17.880+0800	INFO	worker/unsynced_service.go:69	unsync service worked count :0 

2021-05-11T11:54:22.880+0800	INFO	worker/unsynced_service.go:69	unsync service worked count :0 

2021-05-11T11:54:27.880+0800	INFO	worker/unsynced_service.go:69	unsync service worked count :0 

2021-05-11T11:54:32.880+0800	INFO	worker/unsynced_service.go:69	unsync service worked count :0 

2021-05-11T11:54:37.880+0800	INFO	worker/unsynced_service.go:69	unsync service worked count :0 

2021-05-11T11:54:42.880+0800	INFO	worker/unsynced_service.go:69	unsync service worked count :0 

2021-05-11T11:54:47.880+0800	INFO	worker/unsynced_service.go:69	unsync service worked count :0 

2021-05-11T11:54:52.880+0800	INFO	worker/unsynced_service.go:69	unsync service worked count :0 

2021-05-11T11:54:57.880+0800	INFO	worker/unsynced_service.go:69	unsync service worked count :0 

2021-05-11T11:55:02.881+0800	INFO	worker/unsynced_service.go:69	unsync service worked count :0 

2021-05-11T11:55:14.331+0800	INFO	worker/unsynced_service.go:69	unsync service worked count :0 

2021-05-11T11:55:15.033+0800	INFO	consul/monitor.go:124	Consul service changed
2021-05-11T11:55:15.082+0800	ERROR	consul/consul.go:121	convert instance: unmarshal json: json: Unmarshal(non-pointer []*v2.PortInfo)
2021-05-11T11:55:19.330+0800	INFO	worker/unsynced_service.go:69	unsync service worked count :0 

2021-05-11T11:55:24.330+0800	INFO	worker/unsynced_service.go:69	unsync service worked count :0 

2021-05-11T11:55:29.329+0800	INFO	worker/unsynced_service.go:69	unsync service worked count :0 

2021-05-11T11:55:34.330+0800	INFO	worker/unsynced_service.go:69	unsync service worked count :0 

2021-05-11T11:55:44.668+0800	INFO	worker/unsynced_service.go:69	unsync service worked count :0 

2021-05-11T11:55:45.071+0800	INFO	consul/monitor.go:124	Consul service changed
2021-05-11T11:55:45.104+0800	ERROR	consul/consul.go:122	convert instance: unmarshal json: json: Unmarshal(non-pointer []*v2.PortInfo)
2021-05-11T11:55:49.668+0800	INFO	worker/unsynced_service.go:69	unsync service worked count :0 

2021-05-11T11:55:54.668+0800	INFO	worker/unsynced_service.go:69	unsync service worked count :0 

2021-05-11T11:56:06.268+0800	INFO	worker/unsynced_service.go:69	unsync service worked count :0 

2021-05-11T11:56:07.070+0800	INFO	consul/monitor.go:124	Consul service changed
2021-05-11T11:56:07.104+0800	ERROR	consul/consul.go:122	convert instance: unmarshal json: json: Unmarshal(non-pointer []*v2.PortInfo)
2021-05-11T11:56:11.267+0800	INFO	worker/unsynced_service.go:69	unsync service worked count :0 

2021-05-11T11:56:16.267+0800	INFO	worker/unsynced_service.go:69	unsync service worked count :0 

2021-05-11T11:56:21.268+0800	INFO	worker/unsynced_service.go:69	unsync service worked count :0 

2021-05-11T11:56:26.267+0800	INFO	worker/unsynced_service.go:69	unsync service worked count :0 

2021-05-11T11:56:31.267+0800	INFO	worker/unsynced_service.go:69	unsync service worked count :0 

2021-05-11T11:56:36.268+0800	INFO	worker/unsynced_service.go:69	unsync service worked count :0 

2021-05-11T11:56:41.268+0800	INFO	worker/unsynced_service.go:69	unsync service worked count :0 

2021-05-11T11:56:46.268+0800	INFO	worker/unsynced_service.go:69	unsync service worked count :0 

2021-05-11T11:56:51.267+0800	INFO	worker/unsynced_service.go:69	unsync service worked count :0 

2021-05-11T11:56:56.268+0800	INFO	worker/unsynced_service.go:69	unsync service worked count :0 

2021-05-11T11:57:01.269+0800	INFO	worker/unsynced_service.go:69	unsync service worked count :0 

2021-05-11T11:57:06.268+0800	INFO	worker/unsynced_service.go:69	unsync service worked count :0 

2021-05-11T11:57:11.268+0800	INFO	worker/unsynced_service.go:69	unsync service worked count :0 

2021-05-11T11:57:16.268+0800	INFO	worker/unsynced_service.go:69	unsync service worked count :0 

2021-05-11T11:57:21.269+0800	INFO	worker/unsynced_service.go:69	unsync service worked count :0 

2021-05-11T11:57:26.268+0800	INFO	worker/unsynced_service.go:69	unsync service worked count :0 

2021-05-11T11:57:31.268+0800	INFO	worker/unsynced_service.go:69	unsync service worked count :0 

2021-05-11T11:57:39.965+0800	INFO	worker/unsynced_service.go:69	unsync service worked count :0 

2021-05-11T11:57:40.068+0800	INFO	consul/monitor.go:124	Consul service changed
2021-05-11T13:48:05.377+0800	INFO	worker/unsynced_service.go:69	unsync service worked count :0 

2021-05-11T13:48:06.079+0800	INFO	consul/monitor.go:124	Consul service changed
2021-05-11T13:48:06.112+0800	INFO	worker/worker_fack.go:18	implement me
2021-05-11T13:48:10.376+0800	INFO	worker/unsynced_service.go:69	unsync service worked count :0 

2021-05-11T13:48:15.377+0800	INFO	worker/unsynced_service.go:69	unsync service worked count :0 

2021-05-11T13:48:20.377+0800	INFO	worker/unsynced_service.go:69	unsync service worked count :0 

2021-05-11T13:48:25.376+0800	INFO	worker/unsynced_service.go:69	unsync service worked count :0 

2021-05-11T13:48:30.377+0800	INFO	worker/unsynced_service.go:69	unsync service worked count :0 

2021-05-11T13:48:35.378+0800	INFO	worker/unsynced_service.go:69	unsync service worked count :0 

2021-05-11T13:48:40.376+0800	INFO	worker/unsynced_service.go:69	unsync service worked count :0 

2021-05-11T13:48:45.377+0800	INFO	worker/unsynced_service.go:69	unsync service worked count :0 

2021-05-11T13:48:50.376+0800	INFO	worker/unsynced_service.go:69	unsync service worked count :0 

2021-05-11T13:48:55.377+0800	INFO	worker/unsynced_service.go:69	unsync service worked count :0 

2021-05-11T13:48:56.077+0800	INFO	consul/monitor.go:124	Consul service changed
2021-05-11T13:48:56.281+0800	INFO	worker/worker_fack.go:18	implement me
2021-05-11T13:49:00.376+0800	INFO	worker/unsynced_service.go:69	unsync service worked count :0 

2021-05-11T13:49:05.377+0800	INFO	worker/unsynced_service.go:69	unsync service worked count :0 

2021-05-11T13:49:10.377+0800	INFO	worker/unsynced_service.go:69	unsync service worked count :0 

2021-05-11T13:49:15.377+0800	INFO	worker/unsynced_service.go:69	unsync service worked count :0 

2021-05-11T13:49:20.377+0800	INFO	worker/unsynced_service.go:69	unsync service worked count :0 

2021-05-11T13:49:25.377+0800	INFO	worker/unsynced_service.go:69	unsync service worked count :0 

2021-05-11T13:49:30.378+0800	INFO	worker/unsynced_service.go:69	unsync service worked count :0 

2021-05-11T13:49:35.377+0800	INFO	worker/unsynced_service.go:69	unsync service worked count :0 

2021-05-11T13:49:40.377+0800	INFO	worker/unsynced_service.go:69	unsync service worked count :0 

2021-05-11T13:49:45.378+0800	INFO	worker/unsynced_service.go:69	unsync service worked count :0 

2021-05-11T13:49:50.378+0800	INFO	worker/unsynced_service.go:69	unsync service worked count :0 

2021-05-11T13:49:55.378+0800	INFO	worker/unsynced_service.go:69	unsync service worked count :0 

2021-05-11T13:50:00.377+0800	INFO	worker/unsynced_service.go:69	unsync service worked count :0 

2021-05-11T13:50:05.378+0800	INFO	worker/unsynced_service.go:69	unsync service worked count :0 

2021-05-11T13:50:10.378+0800	INFO	worker/unsynced_service.go:69	unsync service worked count :0 

2021-05-11T13:50:15.377+0800	INFO	worker/unsynced_service.go:69	unsync service worked count :0 

2021-05-11T13:50:20.378+0800	INFO	worker/unsynced_service.go:69	unsync service worked count :0 

2021-05-11T13:50:25.378+0800	INFO	worker/unsynced_service.go:69	unsync service worked count :0 

2021-05-11T13:50:30.377+0800	INFO	worker/unsynced_service.go:69	unsync service worked count :0 

2021-05-11T13:50:35.378+0800	INFO	worker/unsynced_service.go:69	unsync service worked count :0 

2021-05-11T13:50:44.746+0800	INFO	worker/unsynced_service.go:69	unsync service worked count :0 

2021-05-11T13:50:45.050+0800	INFO	consul/monitor.go:124	Consul service changed
2021-05-11T13:50:45.098+0800	INFO	worker/worker_fack.go:18	implement me
2021-05-11T13:50:45.098+0800	INFO	worker/worker_fack.go:18	implement me
2021-05-11T13:50:49.745+0800	INFO	worker/unsynced_service.go:69	unsync service worked count :0 

2021-05-11T13:50:54.746+0800	INFO	worker/unsynced_service.go:69	unsync service worked count :0 

2021-05-11T13:50:59.746+0800	INFO	worker/unsynced_service.go:69	unsync service worked count :0 

2021-05-11T13:51:04.746+0800	INFO	worker/unsynced_service.go:69	unsync service worked count :0 

2021-05-11T13:51:09.747+0800	INFO	worker/unsynced_service.go:69	unsync service worked count :0 

2021-05-11T13:51:14.746+0800	INFO	worker/unsynced_service.go:69	unsync service worked count :0 

2021-05-11T13:51:19.746+0800	INFO	worker/unsynced_service.go:69	unsync service worked count :0 

2021-05-11T13:51:24.746+0800	INFO	worker/unsynced_service.go:69	unsync service worked count :0 

2021-05-11T13:51:29.747+0800	INFO	worker/unsynced_service.go:69	unsync service worked count :0 

2021-05-11T13:51:34.746+0800	INFO	worker/unsynced_service.go:69	unsync service worked count :0 

2021-05-11T13:51:39.747+0800	INFO	worker/unsynced_service.go:69	unsync service worked count :0 

2021-05-11T13:51:44.746+0800	INFO	worker/unsynced_service.go:69	unsync service worked count :0 

2021-05-11T13:51:49.746+0800	INFO	worker/unsynced_service.go:69	unsync service worked count :0 

2021-05-11T13:51:54.747+0800	INFO	worker/unsynced_service.go:69	unsync service worked count :0 

2021-05-11T13:51:59.747+0800	INFO	worker/unsynced_service.go:69	unsync service worked count :0 

2021-05-11T13:52:04.747+0800	INFO	worker/unsynced_service.go:69	unsync service worked count :0 

2021-05-11T13:52:09.746+0800	INFO	worker/unsynced_service.go:69	unsync service worked count :0 

2021-05-11T13:52:14.746+0800	INFO	worker/unsynced_service.go:69	unsync service worked count :0 

2021-05-11T13:52:19.748+0800	INFO	worker/unsynced_service.go:69	unsync service worked count :0 

2021-05-11T13:52:24.747+0800	INFO	worker/unsynced_service.go:69	unsync service worked count :0 

2021-05-11T13:52:29.747+0800	INFO	worker/unsynced_service.go:69	unsync service worked count :0 

2021-05-11T13:52:34.747+0800	INFO	worker/unsynced_service.go:69	unsync service worked count :0 

2021-05-11T13:52:36.051+0800	INFO	consul/monitor.go:124	Consul service changed
2021-05-11T13:52:36.418+0800	INFO	worker/worker_fack.go:18	implement me
2021-05-11T13:52:39.747+0800	INFO	worker/unsynced_service.go:69	unsync service worked count :0 

2021-05-11T13:52:44.747+0800	INFO	worker/unsynced_service.go:69	unsync service worked count :0 

2021-05-11T13:52:49.747+0800	INFO	worker/unsynced_service.go:69	unsync service worked count :0 

2021-05-11T13:52:54.747+0800	INFO	worker/unsynced_service.go:69	unsync service worked count :0 

2021-05-11T13:52:59.747+0800	INFO	worker/unsynced_service.go:69	unsync service worked count :0 

2021-05-11T13:53:04.748+0800	INFO	worker/unsynced_service.go:69	unsync service worked count :0 

2021-05-11T13:53:09.747+0800	INFO	worker/unsynced_service.go:69	unsync service worked count :0 

2021-05-11T13:53:14.747+0800	INFO	worker/unsynced_service.go:69	unsync service worked count :0 

2021-05-11T13:53:17.050+0800	INFO	consul/monitor.go:124	Consul service changed
2021-05-11T13:53:17.254+0800	INFO	worker/worker_fack.go:18	implement me
2021-05-11T13:53:19.749+0800	INFO	worker/unsynced_service.go:69	unsync service worked count :0 

2021-05-11T13:53:24.747+0800	INFO	worker/unsynced_service.go:69	unsync service worked count :0 

2021-05-11T13:53:29.748+0800	INFO	worker/unsynced_service.go:69	unsync service worked count :0 

2021-05-11T13:53:34.748+0800	INFO	worker/unsynced_service.go:69	unsync service worked count :0 

2021-05-11T13:53:39.749+0800	INFO	worker/unsynced_service.go:69	unsync service worked count :0 

2021-05-11T13:53:44.748+0800	INFO	worker/unsynced_service.go:69	unsync service worked count :0 

2021-05-11T13:53:49.747+0800	INFO	worker/unsynced_service.go:69	unsync service worked count :0 

2021-05-11T13:53:54.748+0800	INFO	worker/unsynced_service.go:69	unsync service worked count :0 

2021-05-11T13:53:59.749+0800	INFO	worker/unsynced_service.go:69	unsync service worked count :0 

2021-05-11T13:54:04.748+0800	INFO	worker/unsynced_service.go:69	unsync service worked count :0 

2021-05-11T13:54:09.051+0800	INFO	consul/monitor.go:124	Consul service changed
2021-05-11T13:54:09.135+0800	INFO	worker/worker_fack.go:18	implement me
2021-05-11T13:54:09.748+0800	INFO	worker/unsynced_service.go:69	unsync service worked count :0 

2021-05-11T13:54:14.748+0800	INFO	worker/unsynced_service.go:69	unsync service worked count :0 

2021-05-11T13:54:19.748+0800	INFO	worker/unsynced_service.go:69	unsync service worked count :0 

2021-05-11T13:54:24.748+0800	INFO	worker/unsynced_service.go:69	unsync service worked count :0 

2021-05-11T13:54:29.748+0800	INFO	worker/unsynced_service.go:69	unsync service worked count :0 

2021-05-11T13:54:34.748+0800	INFO	worker/unsynced_service.go:69	unsync service worked count :0 

2021-05-11T13:54:39.748+0800	INFO	worker/unsynced_service.go:69	unsync service worked count :0 

2021-05-11T13:54:44.748+0800	INFO	worker/unsynced_service.go:69	unsync service worked count :0 

2021-05-11T13:54:49.749+0800	INFO	worker/unsynced_service.go:69	unsync service worked count :0 

2021-05-11T13:54:54.749+0800	INFO	worker/unsynced_service.go:69	unsync service worked count :0 

2021-05-11T13:54:59.748+0800	INFO	worker/unsynced_service.go:69	unsync service worked count :0 

2021-05-11T13:55:04.749+0800	INFO	worker/unsynced_service.go:69	unsync service worked count :0 

2021-05-11T13:55:09.749+0800	INFO	worker/unsynced_service.go:69	unsync service worked count :0 

2021-05-11T13:55:14.748+0800	INFO	worker/unsynced_service.go:69	unsync service worked count :0 

2021-05-11T13:55:19.748+0800	INFO	worker/unsynced_service.go:69	unsync service worked count :0 

2021-05-11T13:55:24.749+0800	INFO	worker/unsynced_service.go:69	unsync service worked count :0 

2021-05-11T13:55:29.749+0800	INFO	worker/unsynced_service.go:69	unsync service worked count :0 

2021-05-11T13:55:34.748+0800	INFO	worker/unsynced_service.go:69	unsync service worked count :0 

2021-05-11T13:55:39.750+0800	INFO	worker/unsynced_service.go:69	unsync service worked count :0 

2021-05-11T13:55:44.052+0800	INFO	consul/monitor.go:124	Consul service changed
2021-05-11T13:55:44.179+0800	INFO	worker/worker_fack.go:18	implement me
2021-05-11T13:55:44.749+0800	INFO	worker/unsynced_service.go:69	unsync service worked count :0 

2021-05-11T13:55:49.749+0800	INFO	worker/unsynced_service.go:69	unsync service worked count :0 

2021-05-11T13:55:54.750+0800	INFO	worker/unsynced_service.go:69	unsync service worked count :0 

2021-05-11T13:55:59.749+0800	INFO	worker/unsynced_service.go:69	unsync service worked count :0 

2021-05-11T13:56:02.052+0800	INFO	consul/monitor.go:124	Consul service changed
2021-05-11T13:56:02.097+0800	INFO	worker/worker_fack.go:18	implement me
2021-05-11T13:56:04.749+0800	INFO	worker/unsynced_service.go:69	unsync service worked count :0 

2021-05-11T13:56:09.749+0800	INFO	worker/unsynced_service.go:69	unsync service worked count :0 

2021-05-11T13:56:14.749+0800	INFO	worker/unsynced_service.go:69	unsync service worked count :0 

2021-05-11T13:56:19.749+0800	INFO	worker/unsynced_service.go:69	unsync service worked count :0 

2021-05-11T13:56:24.751+0800	INFO	worker/unsynced_service.go:69	unsync service worked count :0 

2021-05-11T13:56:29.753+0800	INFO	worker/unsynced_service.go:69	unsync service worked count :0 

2021-05-11T13:56:34.749+0800	INFO	worker/unsynced_service.go:69	unsync service worked count :0 

2021-05-11T13:56:39.750+0800	INFO	worker/unsynced_service.go:69	unsync service worked count :0 

2021-05-11T13:56:44.749+0800	INFO	worker/unsynced_service.go:69	unsync service worked count :0 

2021-05-11T13:56:49.750+0800	INFO	worker/unsynced_service.go:69	unsync service worked count :0 

2021-05-11T13:56:54.752+0800	INFO	worker/unsynced_service.go:69	unsync service worked count :0 

2021-05-11T13:56:59.749+0800	INFO	worker/unsynced_service.go:69	unsync service worked count :0 

2021-05-11T13:57:04.750+0800	INFO	worker/unsynced_service.go:69	unsync service worked count :0 

2021-05-11T13:57:09.750+0800	INFO	worker/unsynced_service.go:69	unsync service worked count :0 

2021-05-11T13:57:14.750+0800	INFO	worker/unsynced_service.go:69	unsync service worked count :0 

2021-05-11T13:57:19.749+0800	INFO	worker/unsynced_service.go:69	unsync service worked count :0 

2021-05-11T13:57:24.750+0800	INFO	worker/unsynced_service.go:69	unsync service worked count :0 

2021-05-11T13:57:29.750+0800	INFO	worker/unsynced_service.go:69	unsync service worked count :0 

2021-05-11T13:57:34.750+0800	INFO	worker/unsynced_service.go:69	unsync service worked count :0 

2021-05-11T13:57:39.750+0800	INFO	worker/unsynced_service.go:69	unsync service worked count :0 

2021-05-11T13:57:44.750+0800	INFO	worker/unsynced_service.go:69	unsync service worked count :0 

2021-05-11T13:57:49.750+0800	INFO	worker/unsynced_service.go:69	unsync service worked count :0 

2021-05-11T13:57:54.750+0800	INFO	worker/unsynced_service.go:69	unsync service worked count :0 

2021-05-11T13:57:59.750+0800	INFO	worker/unsynced_service.go:69	unsync service worked count :0 

2021-05-11T13:58:04.751+0800	INFO	worker/unsynced_service.go:69	unsync service worked count :0 

2021-05-11T13:58:13.445+0800	INFO	worker/unsynced_service.go:69	unsync service worked count :0 

2021-05-11T13:58:18.445+0800	INFO	worker/unsynced_service.go:69	unsync service worked count :0 

2021-05-11T13:58:23.445+0800	INFO	worker/unsynced_service.go:69	unsync service worked count :0 

2021-05-11T13:58:28.445+0800	INFO	worker/unsynced_service.go:69	unsync service worked count :0 

2021-05-11T13:58:33.445+0800	INFO	worker/unsynced_service.go:69	unsync service worked count :0 

2021-05-11T13:58:38.579+0800	INFO	worker/unsynced_service.go:69	unsync service worked count :0 

2021-05-11T13:58:43.445+0800	INFO	worker/unsynced_service.go:69	unsync service worked count :0 

2021-05-11T13:58:48.445+0800	INFO	worker/unsynced_service.go:69	unsync service worked count :0 

2021-05-11T13:58:59.520+0800	INFO	worker/unsynced_service.go:69	unsync service worked count :0 

2021-05-11T13:59:04.520+0800	INFO	worker/unsynced_service.go:69	unsync service worked count :0 

2021-05-11T13:59:09.520+0800	INFO	worker/unsynced_service.go:69	unsync service worked count :0 

2021-05-11T13:59:14.520+0800	INFO	worker/unsynced_service.go:69	unsync service worked count :0 

2021-05-11T13:59:18.021+0800	INFO	consul/monitor.go:124	Consul service changed
2021-05-11T13:59:18.101+0800	INFO	worker/worker_fack.go:18	implement me
2021-05-11T13:59:18.101+0800	INFO	worker/worker_fack.go:18	implement me
2021-05-11T13:59:22.370+0800	INFO	worker/unsynced_service.go:69	unsync service worked count :0 

2021-05-11T13:59:27.370+0800	INFO	worker/unsynced_service.go:69	unsync service worked count :0 

2021-05-11T13:59:32.370+0800	INFO	worker/unsynced_service.go:69	unsync service worked count :0 

2021-05-11T13:59:37.371+0800	INFO	worker/unsynced_service.go:69	unsync service worked count :0 

2021-05-11T13:59:43.030+0800	INFO	consul/monitor.go:124	Consul service changed
2021-05-11T13:59:43.582+0800	INFO	worker/worker_fack.go:18	implement me
2021-05-11T13:59:43.582+0800	INFO	worker/worker_fack.go:18	implement me
2021-05-11T13:59:47.322+0800	INFO	worker/unsynced_service.go:69	unsync service worked count :0 

2021-05-11T13:59:52.275+0800	INFO	worker/unsynced_service.go:69	unsync service worked count :0 

2021-05-11T13:59:57.277+0800	INFO	worker/unsynced_service.go:69	unsync service worked count :0 

2021-05-11T14:00:02.275+0800	INFO	worker/unsynced_service.go:69	unsync service worked count :0 

2021-05-11T14:00:07.275+0800	INFO	worker/unsynced_service.go:69	unsync service worked count :0 

2021-05-11T14:00:11.030+0800	INFO	consul/monitor.go:124	Consul service changed
2021-05-11T14:00:11.185+0800	INFO	worker/worker_fack.go:18	implement me
2021-05-11T14:00:12.276+0800	INFO	worker/unsynced_service.go:69	unsync service worked count :0 

2021-05-11T14:00:17.275+0800	INFO	worker/unsynced_service.go:69	unsync service worked count :0 

2021-05-11T14:00:22.275+0800	INFO	worker/unsynced_service.go:69	unsync service worked count :0 

2021-05-11T14:00:27.275+0800	INFO	worker/unsynced_service.go:69	unsync service worked count :0 

2021-05-11T14:00:32.275+0800	INFO	worker/unsynced_service.go:69	unsync service worked count :0 

2021-05-11T14:00:33.030+0800	INFO	consul/monitor.go:124	Consul service changed
2021-05-11T14:00:33.215+0800	INFO	worker/worker_fack.go:18	implement me
2021-05-11T14:00:37.276+0800	INFO	worker/unsynced_service.go:69	unsync service worked count :0 

2021-05-11T14:00:42.275+0800	INFO	worker/unsynced_service.go:69	unsync service worked count :0 

2021-05-11T14:00:47.275+0800	INFO	worker/unsynced_service.go:69	unsync service worked count :0 

2021-05-11T14:00:50.029+0800	INFO	consul/monitor.go:124	Consul service changed
2021-05-11T14:00:50.490+0800	INFO	worker/worker_fack.go:18	implement me
2021-05-11T14:00:52.276+0800	INFO	worker/unsynced_service.go:69	unsync service worked count :0 

2021-05-11T14:00:57.276+0800	INFO	worker/unsynced_service.go:69	unsync service worked count :0 

2021-05-11T14:01:02.276+0800	INFO	worker/unsynced_service.go:69	unsync service worked count :0 

2021-05-11T14:01:07.277+0800	INFO	worker/unsynced_service.go:69	unsync service worked count :0 

2021-05-11T14:01:12.276+0800	INFO	worker/unsynced_service.go:69	unsync service worked count :0 

2021-05-11T14:01:13.027+0800	INFO	consul/monitor.go:124	Consul service changed
2021-05-11T14:01:13.157+0800	INFO	worker/worker_fack.go:18	implement me
2021-05-11T14:01:17.276+0800	INFO	worker/unsynced_service.go:69	unsync service worked count :0 

2021-05-11T14:01:22.276+0800	INFO	worker/unsynced_service.go:69	unsync service worked count :0 

2021-05-11T14:01:27.276+0800	INFO	worker/unsynced_service.go:69	unsync service worked count :0 

2021-05-11T14:01:32.276+0800	INFO	worker/unsynced_service.go:69	unsync service worked count :0 

2021-05-11T14:01:37.276+0800	INFO	worker/unsynced_service.go:69	unsync service worked count :0 

2021-05-11T14:01:42.276+0800	INFO	worker/unsynced_service.go:69	unsync service worked count :0 

2021-05-11T14:01:47.276+0800	INFO	worker/unsynced_service.go:69	unsync service worked count :0 

2021-05-11T14:01:52.276+0800	INFO	worker/unsynced_service.go:69	unsync service worked count :0 

2021-05-11T14:01:57.276+0800	INFO	worker/unsynced_service.go:69	unsync service worked count :0 

2021-05-11T14:02:02.276+0800	INFO	worker/unsynced_service.go:69	unsync service worked count :0 

2021-05-11T14:02:07.277+0800	INFO	worker/unsynced_service.go:69	unsync service worked count :0 

2021-05-11T14:02:12.276+0800	INFO	worker/unsynced_service.go:69	unsync service worked count :0 

2021-05-11T14:02:17.276+0800	INFO	worker/unsynced_service.go:69	unsync service worked count :0 

2021-05-11T14:02:22.277+0800	INFO	worker/unsynced_service.go:69	unsync service worked count :0 

2021-05-11T14:02:27.277+0800	INFO	worker/unsynced_service.go:69	unsync service worked count :0 

2021-05-11T14:02:32.277+0800	INFO	worker/unsynced_service.go:69	unsync service worked count :0 

2021-05-11T14:02:37.277+0800	INFO	worker/unsynced_service.go:69	unsync service worked count :0 

2021-05-11T14:02:42.277+0800	INFO	worker/unsynced_service.go:69	unsync service worked count :0 

2021-05-11T14:02:47.277+0800	INFO	worker/unsynced_service.go:69	unsync service worked count :0 

2021-05-11T14:02:52.277+0800	INFO	worker/unsynced_service.go:69	unsync service worked count :0 

2021-05-11T14:02:57.278+0800	INFO	worker/unsynced_service.go:69	unsync service worked count :0 

2021-05-11T14:03:02.278+0800	INFO	worker/unsynced_service.go:69	unsync service worked count :0 

2021-05-11T14:03:07.277+0800	INFO	worker/unsynced_service.go:69	unsync service worked count :0 

2021-05-11T14:03:12.277+0800	INFO	worker/unsynced_service.go:69	unsync service worked count :0 

2021-05-11T14:03:17.278+0800	INFO	worker/unsynced_service.go:69	unsync service worked count :0 

2021-05-11T14:03:22.277+0800	INFO	worker/unsynced_service.go:69	unsync service worked count :0 

2021-05-11T14:03:27.277+0800	INFO	worker/unsynced_service.go:69	unsync service worked count :0 

2021-05-11T14:03:32.278+0800	INFO	worker/unsynced_service.go:69	unsync service worked count :0 

2021-05-11T14:03:37.278+0800	INFO	worker/unsynced_service.go:69	unsync service worked count :0 

2021-05-11T14:03:42.278+0800	INFO	worker/unsynced_service.go:69	unsync service worked count :0 

2021-05-11T14:03:47.278+0800	INFO	worker/unsynced_service.go:69	unsync service worked count :0 

2021-05-11T14:03:52.277+0800	INFO	worker/unsynced_service.go:69	unsync service worked count :0 

2021-05-11T14:03:57.278+0800	INFO	worker/unsynced_service.go:69	unsync service worked count :0 

2021-05-11T14:04:02.278+0800	INFO	worker/unsynced_service.go:69	unsync service worked count :0 

2021-05-11T14:04:07.278+0800	INFO	worker/unsynced_service.go:69	unsync service worked count :0 

2021-05-11T14:04:12.278+0800	INFO	worker/unsynced_service.go:69	unsync service worked count :0 

2021-05-11T14:04:17.278+0800	INFO	worker/unsynced_service.go:69	unsync service worked count :0 

2021-05-11T14:04:22.278+0800	INFO	worker/unsynced_service.go:69	unsync service worked count :0 

2021-05-11T14:04:27.278+0800	INFO	worker/unsynced_service.go:69	unsync service worked count :0 

2021-05-11T14:04:32.278+0800	INFO	worker/unsynced_service.go:69	unsync service worked count :0 

2021-05-11T14:04:37.280+0800	INFO	worker/unsynced_service.go:69	unsync service worked count :0 

2021-05-11T14:04:42.278+0800	INFO	worker/unsynced_service.go:69	unsync service worked count :0 

2021-05-11T14:04:47.279+0800	INFO	worker/unsynced_service.go:69	unsync service worked count :0 

2021-05-11T14:04:52.279+0800	INFO	worker/unsynced_service.go:69	unsync service worked count :0 

2021-05-11T14:04:57.278+0800	INFO	worker/unsynced_service.go:69	unsync service worked count :0 

2021-05-11T14:05:02.278+0800	INFO	worker/unsynced_service.go:69	unsync service worked count :0 

2021-05-11T14:05:07.279+0800	INFO	worker/unsynced_service.go:69	unsync service worked count :0 

2021-05-11T14:05:12.279+0800	INFO	worker/unsynced_service.go:69	unsync service worked count :0 

2021-05-11T14:05:17.279+0800	INFO	worker/unsynced_service.go:69	unsync service worked count :0 

2021-05-11T14:05:22.279+0800	INFO	worker/unsynced_service.go:69	unsync service worked count :0 

2021-05-11T14:05:27.279+0800	INFO	worker/unsynced_service.go:69	unsync service worked count :0 

2021-05-11T14:05:32.279+0800	INFO	worker/unsynced_service.go:69	unsync service worked count :0 

2021-05-11T14:05:37.279+0800	INFO	worker/unsynced_service.go:69	unsync service worked count :0 

2021-05-11T14:05:42.279+0800	INFO	worker/unsynced_service.go:69	unsync service worked count :0 

2021-05-11T14:05:47.279+0800	INFO	worker/unsynced_service.go:69	unsync service worked count :0 

2021-05-11T14:05:52.279+0800	INFO	worker/unsynced_service.go:69	unsync service worked count :0 

2021-05-11T14:05:57.279+0800	INFO	worker/unsynced_service.go:69	unsync service worked count :0 

2021-05-11T14:06:02.279+0800	INFO	worker/unsynced_service.go:69	unsync service worked count :0 

2021-05-11T14:06:07.279+0800	INFO	worker/unsynced_service.go:69	unsync service worked count :0 

2021-05-11T14:06:12.279+0800	INFO	worker/unsynced_service.go:69	unsync service worked count :0 

2021-05-11T14:06:17.279+0800	INFO	worker/unsynced_service.go:69	unsync service worked count :0 

2021-05-11T14:06:22.280+0800	INFO	worker/unsynced_service.go:69	unsync service worked count :0 

2021-05-11T14:06:27.280+0800	INFO	worker/unsynced_service.go:69	unsync service worked count :0 

2021-05-11T14:06:32.279+0800	INFO	worker/unsynced_service.go:69	unsync service worked count :0 

2021-05-11T14:06:37.280+0800	INFO	worker/unsynced_service.go:69	unsync service worked count :0 

2021-05-11T14:06:42.280+0800	INFO	worker/unsynced_service.go:69	unsync service worked count :0 

2021-05-11T14:06:47.280+0800	INFO	worker/unsynced_service.go:69	unsync service worked count :0 

2021-05-11T14:06:52.280+0800	INFO	worker/unsynced_service.go:69	unsync service worked count :0 

2021-05-11T14:06:57.280+0800	INFO	worker/unsynced_service.go:69	unsync service worked count :0 

2021-05-11T14:07:02.279+0800	INFO	worker/unsynced_service.go:69	unsync service worked count :0 

2021-05-11T14:07:07.280+0800	INFO	worker/unsynced_service.go:69	unsync service worked count :0 

2021-05-11T14:07:12.279+0800	INFO	worker/unsynced_service.go:69	unsync service worked count :0 

2021-05-11T14:07:17.280+0800	INFO	worker/unsynced_service.go:69	unsync service worked count :0 

2021-05-11T14:07:22.280+0800	INFO	worker/unsynced_service.go:69	unsync service worked count :0 

2021-05-11T14:07:27.280+0800	INFO	worker/unsynced_service.go:69	unsync service worked count :0 

2021-05-11T14:07:32.281+0800	INFO	worker/unsynced_service.go:69	unsync service worked count :0 

2021-05-11T14:07:37.280+0800	INFO	worker/unsynced_service.go:69	unsync service worked count :0 

2021-05-11T14:07:42.281+0800	INFO	worker/unsynced_service.go:69	unsync service worked count :0 

2021-05-11T14:07:47.280+0800	INFO	worker/unsynced_service.go:69	unsync service worked count :0 

2021-05-11T14:07:52.280+0800	INFO	worker/unsynced_service.go:69	unsync service worked count :0 

2021-05-11T14:07:57.280+0800	INFO	worker/unsynced_service.go:69	unsync service worked count :0 

2021-05-11T14:08:02.280+0800	INFO	worker/unsynced_service.go:69	unsync service worked count :0 

2021-05-11T14:08:07.280+0800	INFO	worker/unsynced_service.go:69	unsync service worked count :0 

2021-05-11T14:08:12.281+0800	INFO	worker/unsynced_service.go:69	unsync service worked count :0 

2021-05-11T14:08:17.281+0800	INFO	worker/unsynced_service.go:69	unsync service worked count :0 

2021-05-11T14:08:22.280+0800	INFO	worker/unsynced_service.go:69	unsync service worked count :0 

2021-05-11T14:08:27.281+0800	INFO	worker/unsynced_service.go:69	unsync service worked count :0 

2021-05-11T14:08:32.280+0800	INFO	worker/unsynced_service.go:69	unsync service worked count :0 

2021-05-11T14:08:37.280+0800	INFO	worker/unsynced_service.go:69	unsync service worked count :0 

2021-05-11T14:08:42.281+0800	INFO	worker/unsynced_service.go:69	unsync service worked count :0 

2021-05-11T14:08:47.281+0800	INFO	worker/unsynced_service.go:69	unsync service worked count :0 

2021-05-11T14:08:52.281+0800	INFO	worker/unsynced_service.go:69	unsync service worked count :0 

2021-05-11T14:08:57.281+0800	INFO	worker/unsynced_service.go:69	unsync service worked count :0 

2021-05-11T14:09:02.281+0800	INFO	worker/unsynced_service.go:69	unsync service worked count :0 

2021-05-11T14:09:07.281+0800	INFO	worker/unsynced_service.go:69	unsync service worked count :0 

2021-05-11T14:09:12.281+0800	INFO	worker/unsynced_service.go:69	unsync service worked count :0 

2021-05-11T14:09:17.281+0800	INFO	worker/unsynced_service.go:69	unsync service worked count :0 

2021-05-11T14:09:22.281+0800	INFO	worker/unsynced_service.go:69	unsync service worked count :0 

2021-05-11T14:09:27.282+0800	INFO	worker/unsynced_service.go:69	unsync service worked count :0 

2021-05-11T14:09:32.281+0800	INFO	worker/unsynced_service.go:69	unsync service worked count :0 

2021-05-11T14:09:37.281+0800	INFO	worker/unsynced_service.go:69	unsync service worked count :0 

2021-05-11T14:09:42.281+0800	INFO	worker/unsynced_service.go:69	unsync service worked count :0 

